[INFO] Scanning for projects...
[INFO] 
[INFO] ----------------------< com.safecode:safecode-ai >----------------------
[INFO] Building safecode-ai 0.0.1-SNAPSHOT
[INFO]   from pom.xml
[INFO] --------------------------------[ jar ]---------------------------------
[INFO] 
[INFO] >>> spring-boot:3.3.0:run (default-cli) > test-compile @ safecode-ai >>>
[INFO] 
[INFO] --- resources:3.3.1:resources (default-resources) @ safecode-ai ---
[INFO] Copying 1 resource from src\main\resources to target\classes
[INFO] Copying 0 resource from src\main\resources to target\classes
[INFO] 
[INFO] --- compiler:3.13.0:compile (default-compile) @ safecode-ai ---
[INFO] Nothing to compile - all classes are up to date.
[INFO] 
[INFO] --- resources:3.3.1:testResources (default-testResources) @ safecode-ai ---
[INFO] skip non existing resourceDirectory C:\Users\Mariem\safecode-ai\backend\src\test\resources
[INFO] 
[INFO] --- compiler:3.13.0:testCompile (default-testCompile) @ safecode-ai ---
[INFO] No sources to compile
[INFO] 
[INFO] <<< spring-boot:3.3.0:run (default-cli) < test-compile @ safecode-ai <<<
[INFO] 
[INFO] 
[INFO] --- spring-boot:3.3.0:run (default-cli) @ safecode-ai ---
[INFO] Attaching agents: []
  .   ____          _            __ _ _
 /\\ / ___'_ __ _ _(_)_ __  __ _ \ \ \ \
( ( )\___ | '_ | '_| | '_ \/ _` | \ \ \ \
 \\/  ___)| |_)| | | | | || (_| |  ) ) ) )
  '  |____| .__|_| |_|_| |_\__, | / / / /
 =========|_|==============|___/=/_/_/_/

 :: Spring Boot ::                (v3.3.0)

2026-09-27T10:56:53.150+01:00  INFO 10792 --- [safecode-ai] [           main] com.safecode.SafecodeAiApplication       : Starting SafecodeAiApplication using Java 25.0.2 with PID 10792 (C:\Users\Mariem\safecode-ai\backend\target\classes started by Mariem in C:\Users\Mariem\safecode-ai\backend)
2026-09-27T10:56:53.154+01:00  INFO 10792 --- [safecode-ai] [           main] com.safecode.SafecodeAiApplication       : No active profile set, falling back to 1 default profile: "default"
WARNING: A restricted method in java.lang.System has been called
WARNING: java.lang.System::load has been called by org.apache.tomcat.jni.Library in an unnamed module (file:/C:/Users/Mariem/.m2/repository/org/apache/tomcat/embed/tomcat-embed-core/10.1.24/tomcat-embed-core-10.1.24.jar)
WARNING: Use --enable-native-access=ALL-UNNAMED to avoid a warning for callers in this module
WARNING: Restricted methods will be blocked in a future release unless native access is enabled

2026-09-27T10:56:54.173+01:00  INFO 10792 --- [safecode-ai] [           main] o.s.b.w.embedded.tomcat.TomcatWebServer  : Tomcat initialized with port 8080 (http)
2026-09-27T10:56:54.187+01:00  INFO 10792 --- [safecode-ai] [           main] o.apache.catalina.core.StandardService   : Starting service [Tomcat]
2026-09-27T10:56:54.188+01:00  INFO 10792 --- [safecode-ai] [           main] o.apache.catalina.core.StandardEngine    : Starting Servlet engine: [Apache Tomcat/10.1.24]
2026-09-27T10:56:54.235+01:00  INFO 10792 --- [safecode-ai] [           main] o.a.c.c.C.[Tomcat].[localhost].[/]       : Initializing Spring embedded WebApplicationContext
2026-09-27T10:56:54.236+01:00  INFO 10792 --- [safecode-ai] [           main] w.s.c.ServletWebServerApplicationContext : Root WebApplicationContext: initialization completed in 1016 ms
2026-09-27T10:56:54.576+01:00  INFO 10792 --- [safecode-ai] [           main] o.s.b.w.embedded.tomcat.TomcatWebServer  : Tomcat started on port 8080 (http) with context path '/'
2026-09-27T10:56:54.583+01:00  INFO 10792 --- [safecode-ai] [           main] com.safecode.SafecodeAiApplication       : Started SafecodeAiApplication in 1.825 seconds (process running for 2.152)
2026-09-27T10:57:01.278+01:00  INFO 10792 --- [safecode-ai] [nio-8080-exec-8] o.a.c.c.C.[Tomcat].[localhost].[/]       : Initializing Spring DispatcherServlet 'dispatcherServlet'
2026-09-27T10:57:01.279+01:00  INFO 10792 --- [safecode-ai] [nio-8080-exec-8] o.s.web.servlet.DispatcherServlet        : Initializing Servlet 'dispatcherServlet'
2026-09-27T10:57:01.280+01:00  INFO 10792 --- [safecode-ai] [nio-8080-exec-8] o.s.web.servlet.DispatcherServlet        : Completed initialization in 1 ms
